[2025-12-09 02:40 ICT] SCUTUA-124 auto-run

=== Deploy Section ===
action: build → test → deploy
status: success
namespace: whaletrucker-reef.workers.dev
logs: build passed, deploy verified

=== Governance Section ===
vote: YES
ritual: reef-mint.yml executed
status: governance active

=== Badge Section ===
badge: WhaleTrucker remix minted
archive: reef legacy preserved
note: identity migration confirmed

=== Notification Section ===
alert: deploy complete
channel: GitHub Actions
status: sent

[2025-12-12 13:26 ICT] Webhook Handler Committed

=== GitHub Section ===
repo: czonedive-core
file: scripts/github-webhook-handler.js
branch: main
status: committed

=== Badge Section ===
badge: Webhook handler staged
note: GitHub warning acknowledged, solo ritual confirmed

